../Core/Src/main.c:61:10:ModRTU_CRC	32	static
../Core/Src/main.c:102:5:main	8	static
../Core/Src/main.c:190:6:SystemClock_Config	88	static
../Core/Src/main.c:237:13:MX_USART1_UART_Init	8	static
../Core/Src/main.c:270:13:MX_USART2_UART_Init	8	static
../Core/Src/main.c:301:13:MX_DMA_Init	16	static
../Core/Src/main.c:319:13:MX_GPIO_Init	48	static
../Core/Src/main.c:358:6:HAL_UART_RxCpltCallback	16	static
../Core/Src/main.c:374:6:vprint	216	static
../Core/Src/main.c:383:6:my_printf	16	static
../Core/Src/main.c:397:6:Error_Handler	4	static,ignoring_inline_asm
